[WP1-STEP-00] PHASE 03: rotation verification + expansion mechanics
[WP1-STEP-04] dual-core agreement on 75 corpus edges (paths+costs+full-tuple+trees+serializer)
[WP1-STEP-04] reference snapshot deterministic; convention KEEP_REF_SNAPSHOT-v1
[WP1-STEP-04] block partition exact-once on 3 histories
[WP1-STEP-04] rotation core verified (dual-core agreement via foundation suite)
[WP-1][REPAIR STEP C3] shard expanded_n2.json.zst bytes=520 sha=CFC22F1D4B5F770F...
[WP1-STEP-05] n=2 expanded 1 cycles sha=507E439224602069...
[WP-1][REPAIR STEP C3] shard expanded_n3.json.zst bytes=702 sha=31D4CD61FEE1D349...
[WP1-STEP-05] n=3 expanded 4 cycles sha=2485713222CEDC23...
[WP-1][REPAIR STEP C3] shard expanded_n4.json.zst bytes=1919 sha=877162EA11D2D186...
[WP1-STEP-05] n=4 expanded 6 cycles sha=78C5CEFE9948CD80...
[WP-1][REPAIR STEP C3] shard expanded_n5.json.zst bytes=1417 sha=5F3F7753D52B86AF...
[WP1-STEP-05] n=5 expanded 1 cycles sha=5791D1824F8F8AF5...
[WP-1][REPAIR STEP C3] shard expanded_n6.json.zst bytes=6302 sha=6E42D2843D7C6346...
[WP1-STEP-05] n=6 expanded 11 cycles sha=3BED144BB4DDC35B...
[WP-1][REPAIR STEP C3] shard expanded_n7.json.zst bytes=3094 sha=974DCD9BF7118420...
[WP1-STEP-05] n=7 expanded 1 cycles sha=3A3B112B4BE4AB1B...
[WP-1][REPAIR STEP C4] expanded manifest logical=4DCC4BB67D3D1751...
[WP1-STEP-05] expansion manifest: logical=4DCC4BB67D3D1751...
[WP-1][REPAIR STEP C3] shard traces_n2.json.zst bytes=262 sha=B8E115A2A1F270C4...
[WP-1][REPAIR STEP C3] shard traces_n3.json.zst bytes=424 sha=1CBAEF3A9DBDF8AB...
[WP-1][REPAIR STEP C3] shard traces_n4.json.zst bytes=1591 sha=4202648EA60AAD16...
[WP-1][REPAIR STEP C3] shard traces_n5.json.zst bytes=1131 sha=1C2CCC069E9F531F...
[WP-1][REPAIR STEP C3] shard traces_n6.json.zst bytes=5385 sha=E85F0B71BB6FD685...
[WP-1][REPAIR STEP C3] shard traces_n7.json.zst bytes=2790 sha=D829222D5D4FC50B...
[WP-1][REPAIR STEP C4] rotations manifest logical=D1494BA7C7800469...
[WP1-STEP-04] corpus persisted: 75 traces, logical=D1494BA7C7800469...
[WP1-STEP-04] mutant gate: 3/3 probes (baseline pass, mutant caught)
